// Jest Snapshot v1, https://goo.gl/fbAQLP

exports[`App renders 1`] = `
<View
  style={
    Object {
      "alignItems": "center",
      "backgroundColor": "#282923",
      "flex": 1,
      "flexDirection": "column",
      "justifyContent": "space-around",
      "paddingTop": 10,
    }
  }
>
  <View>
    <Text
      style={
        Object {
          "color": "white",
          "fontSize": 26,
        }
      }
    />
  </View>
  <View>
    <TextInput
      allowFontScaling={true}
      keyboardType="numeric"
      onChangeText={[Function]}
      onEndEditing={[Function]}
      placeholder="Hours"
      rejectResponderTermination={true}
      returnKeyType="next"
      style={
        Object {
          "borderColor": "gray",
          "borderWidth": 1,
          "color": "white",
          "fontSize": 26,
          "height": 62,
          "paddingLeft": 10,
          "width": 160,
        }
      }
      underlineColorAndroid="transparent"
      value=""
    />
  </View>
  <View>
    <TextInput
      allowFontScaling={true}
      keyboardType="numeric"
      onChangeText={[Function]}
      onEndEditing={[Function]}
      placeholder="Minutes"
      rejectResponderTermination={true}
      returnKeyType="next"
      style={
        Object {
          "borderColor": "gray",
          "borderWidth": 1,
          "color": "white",
          "fontSize": 26,
          "height": 62,
          "paddingLeft": 10,
          "width": 160,
        }
      }
      underlineColorAndroid="transparent"
      value=""
    />
  </View>
  <View>
    <TextInput
      allowFontScaling={true}
      keyboardType="numeric"
      onChangeText={[Function]}
      onEndEditing={[Function]}
      placeholder="Rate"
      rejectResponderTermination={true}
      returnKeyType="next"
      style={
        Object {
          "borderColor": "gray",
          "borderWidth": 1,
          "color": "white",
          "fontSize": 26,
          "height": 62,
          "paddingLeft": 10,
          "width": 160,
        }
      }
      underlineColorAndroid="transparent"
      value=""
    />
  </View>
  <View
    accessibilityRole="button"
    accessibilityStates={Array []}
    accessible={true}
    isTVSelectable={true}
    onResponderGrant={[Function]}
    onResponderMove={[Function]}
    onResponderRelease={[Function]}
    onResponderTerminate={[Function]}
    onResponderTerminationRequest={[Function]}
    onStartShouldSetResponder={[Function]}
    style={
      Object {
        "opacity": 1,
      }
    }
  >
    <View
      style={
        Array [
          Object {},
        ]
      }
    >
      <Text
        style={
          Array [
            Object {
              "color": "#007AFF",
              "fontSize": 18,
              "padding": 8,
              "textAlign": "center",
            },
            Object {
              "color": "black",
            },
          ]
        }
      >
        Calculate
      </Text>
    </View>
  </View>
</View>
`;
